 2296  10.7  0.0  0.0  chr22     41901379 41901669 (8916799) +  AluSx          SINE/Alu                 1  291   (21) 2477030
  502  25.6  5.3  2.6  chr22     41902307 41902502 (8915966) C  MIRb           SINE/MIR              (61)  207      3 2477031
  258  31.6  2.1  2.1  chr22     41902659 41902755 (8915713) +  MIR1_Amn       SINE/MIR                56  152   (78) 2477032
  215  28.1  0.6  0.6  chr22     41903335 41903411 (8915057) C  L2b            LINE/L2                (9) 3378   3302 2477033
  892  12.7  0.0  0.8  chr22     41904052 41904177 (8914291) C  AluJr          SINE/Alu             (187)  125      1 2477034
  222  37.4 12.1  0.6  chr22     41905204 41905378 (8913090) +  MIRb           SINE/MIR                15  212   (56) 2477035
   15  19.9  0.0  0.0  chr22     41905687 41905715 (8912753) +  (CT)n          Simple_repeat            1   29    (0) 2477036
  433  17.2  2.0  0.0  chr22     41906595 41906693 (8911775) +  Tigger5b       DNA/TcMar-Tigger       372  472    (0) 2477037
  268  34.5  4.1  5.7  chr22     41907691 41907865 (8910603) +  MIRc           SINE/MIR                55  226   (42) 2477038
  289  23.9  9.0  0.0  chr22     41908596 41908715 (8909753) +  MIR1_Amn       SINE/MIR                60  203   (27) 2477039
   23  20.5  1.6  4.1  chr22     41910210 41910277 (8908191) +  G-rich         Low_complexity           1   66    (0) 2477040
  221  25.0  6.5  0.0  chr22     41911668 41911739 (8906729) +  L2b            LINE/L2               3072 3148  (227) 2477041
 2102  10.3  5.2  0.3  chr22     41911740 41912030 (8906438) C  AluSx1         SINE/Alu               (6)  306      1 2477042
  187  26.8 11.8  2.4  chr22     41912134 41912217 (8906251) +  MIR3           SINE/MIR                28  120   (88) 2477043
   19  20.4  0.0  6.2  chr22     41913674 41913737 (8904731) +  G-rich         Low_complexity           1   64    (0) 2477044
   16   6.1  5.3  5.0  chr22     41914574 41914611 (8903857) +  (GCGCGA)n      Simple_repeat            1   40    (0) 2477045
   28   7.9  0.0  0.0  chr22     41915070 41915109 (8903359) +  (GCTCCG)n      Simple_repeat            1   40    (0) 2477046
  246  29.5  0.0  0.0  chr22     41915456 41915516 (8902952) +  MIR1_Amn       SINE/MIR                92  152   (78) 2477047
   15  26.5  0.0  0.0  chr22     41916393 41916426 (8902042) +  (AC)n          Simple_repeat            1   34    (0) 2477048
 2274  12.9  0.0  0.0  chr22     41916630 41916939 (8901529) +  AluSg          SINE/Alu                 1  310    (0) 2477049
   17  14.7  2.6  0.0  chr22     41917408 41917445 (8901023) +  (CCACCCC)n     Simple_repeat            1   39    (0) 2477050
  307  33.1  3.6  1.5  chr22     41918283 41918417 (8900051) C  MIRb           SINE/MIR             (120)  148     11 2477051
 2145  11.1  0.0  2.0  chr22     41918553 41918720 (8899748) C  AluSx1         SINE/Alu              (12)  300    137 2477052
 2294   8.6  0.3  0.3  chr22     41918721 41919022 (8899446) C  AluSx          SINE/Alu              (10)  302      1 2477053
 2145  11.1  0.0  2.0  chr22     41919023 41919159 (8899309) C  AluSx1         SINE/Alu             (176)  136      1 2477052
  311  25.0 20.0  0.0  chr22     41919172 41919291 (8899177) +  MIRb           SINE/MIR                38  187   (81) 2477054
  224  24.2  8.1  3.2  chr22     41920511 41920604 (8897864) C  MIRb           SINE/MIR              (60)  208    110 2477055
  317  27.2 12.8  1.4  chr22     41921082 41921219 (8897249) +  MIR3           SINE/MIR                12  167   (41) 2477056
 2565   5.9  0.0  0.3  chr22     41921296 41921599 (8896869) +  AluY           SINE/Alu                 1  303    (8) 2477057
 2428   8.4  0.3  0.0  chr22     41921610 41921908 (8896560) +  AluSp          SINE/Alu                 1  300   (13) 2477058
  201  23.1  4.4  1.5  chr22     41922294 41922359 (8896109) +  MIRc           SINE/MIR               155  222   (46) 2477059
  240  21.2 10.8  0.0  chr22     41922356 41922421 (8896047) +  MIR3           SINE/MIR               112  185   (23) 2477060
  183  27.3 13.9  3.9  chr22     41923200 41923302 (8895166) C  MIRc           SINE/MIR             (135)  133     19 2477061
 1467  18.5  8.5  0.4  chr22     41924087 41924204 (8894264) +  AluJr          SINE/Alu                 1  133  (179) 2477062
 2526   6.2  0.0  0.7  chr22     41924205 41924509 (8893959) +  AluY           SINE/Alu                 1  303    (8) 2477063
 1467  18.5  8.5  0.4  chr22     41924510 41924671 (8893797) +  AluJr          SINE/Alu               134  306    (6) 2477062
 2628   5.2  0.3  0.0  chr22     41924672 41924979 (8893489) +  AluSc5         SINE/Alu                 1  309    (0) 2477064
   17  16.6  6.4  0.0  chr22     41926171 41926217 (8892251) +  (CACCAG)n      Simple_repeat            1   50    (0) 2477065
 2556   6.3  0.0  0.0  chr22     41926919 41927219 (8891249) C  AluSg7         SINE/Alu               (8)  301      1 2477066
 2191   7.7  5.3  0.3  chr22     41927514 41927799 (8890669) C  AluSx          SINE/Alu              (11)  301      1 2477067
   22  26.6  0.0  2.7  chr22     41929067 41929141 (8889327) +  G-rich         Low_complexity           1   75    (0) 2477068
  195  30.5  0.0  3.3  chr22     41929661 41929721 (8888747) C  L2b            LINE/L2                (0) 3375   3317 2477069
 2283   5.1  0.7  0.0  chr22     41929936 41930236 (8888232) C  AluY           SINE/Alu               (0)  311      5 2477070
 1953   8.8  0.0  1.2  chr22     41930238 41930488 (8887980) C  AluSz          SINE/Alu              (20)  292     45 2477071
 2076  12.4  0.0  4.4  chr22     41930505 41930819 (8887649) C  AluSq2         SINE/Alu              (12)  301      1 2477072
 2319   9.7  0.3  0.0  chr22     41930837 41931135 (8887333) C  AluSz          SINE/Alu              (12)  300      1 2477073
 2146  12.2  0.0  3.4  chr22     41931187 41931507 (8886961) +  AluSx1         SINE/Alu                 1  310    (2) 2477074
  301  34.3  6.5  0.0  chr22     41931578 41931720 (8886748) C  MIRb           SINE/MIR              (80)  188     36 2477075
  304  30.2 10.2  0.8  chr22     41932870 41933138 (8885330) C  L2a            LINE/L2                (6) 3420   3075 2477076
  279  28.9 11.6  0.0  chr22     41934014 41934127 (8884341) C  MIRb           SINE/MIR             (139)  129      1 2477077
  480  12.9  1.4  0.0  chr22     41934613 41934682 (8883786) +  AluJr          SINE/Alu                63  133  (179) 2477078
  311  27.0  4.0  3.0  chr22     41934695 41934845 (8883623) C  MIRb           SINE/MIR              (73)  195     44 2477079
 2301   9.8  1.0  0.0  chr22     41935873 41936169 (8882299) C  AluSz          SINE/Alu              (12)  300      1 2477080
  313  28.4 19.3  0.7  chr22     41936212 41936384 (8882084) +  MIRb           SINE/MIR                40  255   (13) 2477081
 2156  11.1  0.7  1.3  chr22     41936645 41936951 (8881517) +  AluSx          SINE/Alu                 1  305    (7) 2477082
 1710  15.0  0.8  0.4  chr22     41937303 41937555 (8880913) C  AluSx          SINE/Alu              (19)  293     40 2477083
  270  31.2 13.7  2.9  chr22     41937672 41937846 (8880622) C  MIRb           SINE/MIR              (62)  206     10 2477084
 2303   8.9  0.7  0.3  chr22     41937849 41938140 (8880328) C  AluY           SINE/Alu              (17)  294      2 2477085
 1749  10.4  0.0  0.0  chr22     41938142 41938362 (8880106) C  AluSx          SINE/Alu              (12)  300     80 2477086
 2361   9.6  0.3  0.0  chr22     41938364 41938664 (8879804) C  AluSx1         SINE/Alu              (10)  302      1 2477087
  271  31.3  4.3  5.0  chr22     41938734 41938874 (8879594) C  Charlie15a     DNA/hAT-Charlie        (0)  224     85 2477088
  227  37.9  3.4  6.1  chr22     41939374 41939553 (8878915) C  MIRb           SINE/MIR              (64)  204     30 2477089
   85   0.8  9.4  0.0  chr22     41939776 41939903 (8878565) +  (AAGA)n        Simple_repeat            1  140    (0) 2477090
  663  29.0 16.3  2.2  chr22     41939904 41940386 (8878082) +  L2a            LINE/L2               2724 3317  (109) 2477091
 2177  11.3  2.4  0.0  chr22     41940387 41940677 (8877791) C  AluSx          SINE/Alu              (13)  299      2 2477092
  663  28.9 16.9  3.0  chr22     41940678 41940778 (8877690) +  L2a            LINE/L2               3318 3421    (5) 2477091
  297  30.3 12.1  0.2  chr22     41941013 41941151 (8877317) +  L2b            LINE/L2               3233 3360   (15) 2477093
  249  31.7  8.2  2.4  chr22     41941155 41941280 (8877188) +  MIRc           SINE/MIR                96  229   (39) 2477094
  244  22.8  2.3  4.9  chr22     41941612 41941693 (8876775) +  MIRc           SINE/MIR                29  121  (147) 2477095
  301  26.9 18.5  0.0  chr22     41941798 41941964 (8876504) C  Charlie4a      DNA/hAT-Charlie      (152)  356    152 2477096
 1739  17.6  0.0  5.8  chr22     41942329 41942468 (8876000) +  AluJr          SINE/Alu                 1  133  (179) 2477097
 2563   6.8  0.0  0.3  chr22     41942469 41942778 (8875690) +  AluY           SINE/Alu                 1  309    (2) 2477098
 1739  17.6  0.0  5.8  chr22     41942779 41942967 (8875501) +  AluJr          SINE/Alu               134  311    (1) 2477097
  266  26.7 12.8  0.3  chr22     41943378 41943483 (8874985) C  MIRc           SINE/MIR             (111)  157     41 2477099
  244  32.2  4.2  5.0  chr22     41943767 41943887 (8874581) +  MIRc           SINE/MIR                96  215   (53) 2477100
  220  35.1  2.6  0.0  chr22     41943877 41943950 (8874518) +  MIR            SINE/MIR               139  214   (48) 2477101
  204  24.8  6.5  1.2  chr22     41943955 41944047 (8874421) C  L2c            LINE/L2                (3) 3423   3254 2477102
 2253   8.5  2.6  0.0  chr22     41944162 41944455 (8874013) +  AluSx1         SINE/Alu                 1  302   (10) 2477103
  397  27.6 19.0  0.5  chr22     41944459 41944651 (8873817) +  MIRb           SINE/MIR                32  268    (0) 2477104
  183  39.8  6.4  3.6  chr22     41944718 41944884 (8873584) C  L2             LINE/L2              (452) 2967   2796 2477105
 1325   8.5  1.6  0.5  chr22     41944927 41945116 (8873352) C  L1PA13         LINE/L1                (0) 6163   5972 2477106
 2192   9.7  5.0  0.0  chr22     41945448 41945735 (8872733) C  AluSx          SINE/Alu               (9)  303      1 2477107
 2229   9.0  1.0  1.7  chr22     41947368 41947668 (8870800) C  AluSz          SINE/Alu              (13)  299      1 2477108
 1317  21.5 12.0  0.0  chr22     41947670 41947934 (8870534) C  AluJr          SINE/Alu              (11)  301      1 2477109
  766  19.2  7.9  1.6  chr22     41947935 41948124 (8870344) C  LTR40c         LTR/ERVL             (262)  203      1 2477110
  361  23.4 12.2  0.7  chr22     41948126 41948263 (8870205) +  L2a            LINE/L2               3271 3426    (0) 2477111
   18   7.5  9.1  2.1  chr22     41948266 41948309 (8870159) +  (ATTC)n        Simple_repeat            1   48    (0) 2477112
  198  29.4  0.0  0.0  chr22     41948447 41948497 (8869971) C  L3b            LINE/CR1             (214) 5018   4968 2477113
  697  31.1  5.8  1.3  chr22     41948598 41948637 (8869831) C  L2a            LINE/L2              (172) 3254   3216 2477114
 1907  13.2  0.7  7.1  chr22     41948638 41948784 (8869684) +  AluSx1         SINE/Alu                 2  143  (169) 2477115
 2208  11.8  0.3  1.0  chr22     41948785 41949089 (8869379) +  AluSp          SINE/Alu                 5  307    (6) 2477116
 1907  13.2  0.7  7.1  chr22     41949090 41949267 (8869201) +  AluSx1         SINE/Alu               144  306    (6) 2477115
  697  29.2  5.6  3.1  chr22     41949268 41949603 (8868865) C  L2a            LINE/L2              (211) 3215   2864 2477114
  420  30.6  6.3  4.0  chr22     41949976 41950176 (8868292) +  Charlie15a     DNA/hAT-Charlie          1  206   (18) 2477117
  568  24.7  3.9  1.1  chr22     41950206 41950381 (8868087) C  L1ME1          LINE/L1               (11) 6168   5988 2477118
 1973  17.2  0.0  0.0  chr22     41950424 41950713 (8867755) +  AluJr          SINE/Alu                 9  298   (14) 2477119
 2209   7.9  1.0  0.7  chr22     41950714 41951003 (8867465) +  AluSc          SINE/Alu                 1  291   (18) 2477120
  187  30.5 14.1  7.9  chr22     41951350 41951488 (8866980) +  MIRb           SINE/MIR                54  202   (66) 2477121
  261  28.1  2.3  2.0  chr22     41951565 41951726 (8866742) +  MIR            SINE/MIR                 5  241   (21) 2477122
  245  27.5  1.8  7.6  chr22     41952532 41952649 (8865819) C  MIR3           SINE/MIR              (26)  182     72 2477123
  610  26.6  0.3  0.3  chr22     41953447 41953604 (8864864) +  MIR            SINE/MIR                43  200   (62) 2477124
 1825   6.0  0.0  0.0  chr22     41953741 41953983 (8864485) C  AluY           SINE/Alu               (0)  311     67 2477125
  402  27.0  0.0  3.1  chr22     41954002 41954131 (8864337) +  MIR            SINE/MIR               137  262    (0) 2477126
  398  18.4  2.6  0.0  chr22     41954126 41954201 (8864267) +  MIR            SINE/MIR               103  180   (82) 2477127
 2288   9.8  0.3  0.0  chr22     41954203 41954497 (8863971) C  AluSx1         SINE/Alu               (8)  304      9 2477128
  294  30.8  8.4  2.1  chr22     41954508 41954696 (8863772) C  L2c            LINE/L2              (259) 3128   2927 2477129
 2114  10.6  3.0  1.7  chr22     41954726 41955026 (8863442) +  AluSx1         SINE/Alu                 1  305    (7) 2477130
  409  27.9  1.2 15.5  chr22     41955113 41955171 (8863297) C  MIR            SINE/MIR               (0)  262    217 2477131
 2156  13.2  1.0  0.0  chr22     41955172 41955475 (8862993) C  AluSq          SINE/Alu               (4)  309      3 2477132
  409  27.9  1.2 15.5  chr22     41955476 41955524 (8862944) C  MIR            SINE/MIR              (46)  216    182 2477131
 2533   6.6  0.0  0.0  chr22     41955525 41955825 (8862643) +  AluY           SINE/Alu                 1  301   (10) 2477133
  409  27.9  1.2 15.5  chr22     41955826 41955902 (8862566) C  MIR            SINE/MIR              (81)  181    103 2477131
  488  24.4  5.2  7.3  chr22     41955897 41956020 (8862448) C  MIR            SINE/MIR               (0)  262    148 2477134
 1986  14.1  2.4  0.3  chr22     41956021 41956310 (8862158) C  AluJb          SINE/Alu              (16)  296      1 2477135
  488  24.4  5.2  7.3  chr22     41956311 41956362 (8862106) C  MIR            SINE/MIR             (115)  147     90 2477134
  428  30.4  1.5  2.2  chr22     41956667 41956804 (8861664) C  MIRb           SINE/MIR              (68)  200     64 2477136
 2112   8.4  3.0  0.0  chr22     41956818 41957080 (8861388) C  AluSx          SINE/Alu              (41)  271      1 2477137
 2204   6.9  0.3  3.1  chr22     41957182 41957500 (8860968) C  AluY           SINE/Alu               (0)  311      1 2477138
  196  25.9  1.1 14.4  chr22     41957507 41957610 (8860858) +  MIR3           SINE/MIR                86  175   (33) 2477139
   16   6.7  2.9  5.6  chr22     41957929 41957963 (8860505) +  (CGCC)n        Simple_repeat            1   36    (0) 2477140
   29   0.0  0.0  0.0  chr22     41958484 41958508 (8859960) +  (GA)n          Simple_repeat            1   25    (0) 2477141
  228  35.8  7.8  0.0  chr22     41958967 41959061 (8859407) C  MIR            SINE/MIR              (57)  205    103 2477142
  723  19.8  1.9  1.3  chr22     41959063 41959221 (8859247) C  MER20          DNA/hAT-Charlie        (0)  219     60 2477143
 2130  12.0  0.0  0.0  chr22     41959228 41959510 (8858958) +  AluSq2         SINE/Alu                 1  283   (30) 2477144
   26   0.0  0.0  0.0  chr22     41959511 41959535 (8858933) +  (AAACA)n       Simple_repeat            1   25    (0) 2477145
 1996  10.9  0.0  0.0  chr22     41959657 41959912 (8858556) C  AluSx1         SINE/Alu              (56)  256      1 2477146
  517  28.8  2.4  0.0  chr22     41960578 41960740 (8857728) +  MER102b        DNA/hAT-Charlie         19  185  (156) 2477147
  275  29.2  1.4  9.3  chr22     41961106 41961159 (8857309) C  L4_C_Mam       LINE/RTE-X           (203) 4935   4885 2477148
 2104   8.4  3.5  0.4  chr22     41961160 41961478 (8856990) C  AluSp          SINE/Alu               (0)  313      2 2477149
  996   8.7  4.5  0.0  chr22     41961484 41961610 (8856858) C  FLAM_C         SINE/Alu              (10)  133      1 2477150
  275  29.2  1.4  9.3  chr22     41961611 41961670 (8856798) C  L4_C_Mam       LINE/RTE-X           (255) 4883   4826 2477148
 1889  11.7 10.2  0.0  chr22     41961671 41961951 (8856517) C  AluSp          SINE/Alu               (0)  313      1 2477151
  275  29.2  1.4  9.3  chr22     41961952 41961979 (8856489) C  L4_C_Mam       LINE/RTE-X           (313) 4825   4799 2477148
 2168   7.8  2.2  0.0  chr22     41962347 41962665 (8855803) C  AluSc          SINE/Alu               (0)  309      5 2477152
  252  30.7  3.9  0.0  chr22     41962689 41962763 (8855705) +  MIRc           SINE/MIR               153  230   (38) 2477153
 2318   9.1  0.7  0.3  chr22     41962786 41963082 (8855386) C  AluSg          SINE/Alu              (12)  298      1 2477154
  273  34.3  9.9 10.1  chr22     41963128 41963236 (8855232) C  L2b            LINE/L2               (41) 3346   3236 2477155
 2002  10.3  0.8  0.0  chr22     41963237 41963499 (8854969) C  AluSz          SINE/Alu              (24)  288     24 2477156
  313  32.2 11.2  5.1  chr22     41963500 41963824 (8854644) C  L2b            LINE/L2              (152) 3235   2913 2477155
  192  15.8  0.0  0.0  chr22     41963876 41963913 (8854555) +  L2c            LINE/L2               3131 3168  (219) 2477157
  181  23.8  7.0 10.1  chr22     41963968 41964056 (8854412) +  L2c            LINE/L2               3299 3384    (3) 2477157
  252  24.6 17.7  0.6  chr22     41964543 41964656 (8853812) +  MIR3           SINE/MIR                28  158   (72) 2477158
 2201  13.2  0.0  0.0  chr22     41964769 41965070 (8853398) C  AluSx1         SINE/Alu              (10)  302      1 2477159
 2382   7.2  1.0  1.0  chr22     41965079 41965384 (8853084) C  AluSq2         SINE/Alu               (7)  306      1 2477160
 1118  24.5  6.9  6.7  chr22     41965419 41965742 (8852726) +  MLT1I          LTR/ERVL-MaLR            8  338   (73) 2477161
 2202  12.2  0.0  2.2  chr22     41965743 41965878 (8852590) +  AluJb          SINE/Alu                 1  136  (176) 2477162
 2132  14.0  1.3  0.0  chr22     41965879 41966178 (8852290) +  AluSq2         SINE/Alu                 1  304    (9) 2477163
 2202  12.2  0.0  2.2  chr22     41966179 41966353 (8852115) +  AluJb          SINE/Alu               137  305    (7) 2477162
 1118  24.5  6.9  6.7  chr22     41966354 41966431 (8852037) +  MLT1I          LTR/ERVL-MaLR          339  411    (0) 2477161
  281  25.2 20.2  1.0  chr22     41966432 41966531 (8851937) C  MIRb           SINE/MIR             (114)  154     31 2477164
  237  27.5  0.0  4.2  chr22     41966757 41966828 (8851640) C  L2c            LINE/L2               (51) 3336   3268 2477165
  260  36.9  5.0  6.0  chr22     41966835 41967016 (8851452) C  MIR1_Amn       SINE/MIR              (37)  193     14 2477166
 2418   7.3  0.0  2.9  chr22     41967273 41967586 (8850882) +  AluY           SINE/Alu                 1  305    (6) 2477167
   18  13.4  0.0  0.0  chr22     41967615 41967647 (8850821) +  (CATT)n        Simple_repeat            1   33    (0) 2477168
 2200   8.8  1.7  1.7  chr22     41967662 41967955 (8850513) +  AluSz          SINE/Alu                 1  294   (18) 2477169
 1875  14.3  2.7  0.3  chr22     41968032 41968324 (8850144) +  AluJo          SINE/Alu                 3  302   (10) 2477170
  762  18.3  0.0  0.0  chr22     41968375 41968516 (8849952) C  MER3           DNA/hAT-Charlie       (65)  144      3 2477171
  203  29.7  3.9  1.3  chr22     41968613 41968687 (8849781) +  MIRb           SINE/MIR               170  246   (22) 2477172
  207  25.5  3.8  0.0  chr22     41968718 41968768 (8849700) +  L2c            LINE/L2               3244 3296   (91) 2477173
  247  24.5  0.0  1.9  chr22     41968776 41968829 (8849639) +  MIRb           SINE/MIR               214  266    (2) 2477174
  180  32.4  6.6  0.0  chr22     41968852 41968922 (8849546) C  L2c            LINE/L2              (158) 3229   3154 2477165
   14  20.1  2.5  0.0  chr22     41969497 41969536 (8848932) +  (GGCCTGG)n     Simple_repeat            1   41    (0) 2477175
   11  20.2  2.9  0.0  chr22     41970388 41970421 (8848047) +  (AGCCCT)n      Simple_repeat            1   35    (0) 2477176
 1872  13.3  7.0  3.3  chr22     41973240 41973374 (8845094) +  AluJb          SINE/Alu                 1  132  (180) 2477177
 2451   5.6  0.0  5.3  chr22     41973375 41973697 (8844771) +  AluY           SINE/Alu                 1  306    (5) 2477178
 2265  12.9  0.3  0.0  chr22     41973699 41974009 (8844459) +  AluSz          SINE/Alu                 1  312    (0) 2477179
 1872  13.3  7.0  3.3  chr22     41974010 41974171 (8844297) +  AluJb          SINE/Alu               133  311    (1) 2477177
 1880   7.4 10.3  5.3  chr22     41974297 41974382 (8844086) +  AluSg7         SINE/Alu                 9   94  (215) 2477180
 2500   7.2  0.3  0.0  chr22     41974383 41974686 (8843782) +  AluY           SINE/Alu                 1  305    (6) 2477181
 1880   7.4 10.3  5.3  chr22     41974687 41974884 (8843584) +  AluSg7         SINE/Alu                95  309    (0) 2477180
  233  22.1  5.6  6.8  chr22     41975199 41975271 (8843197) C  MIRb           SINE/MIR             (144)  124     53 2477182
  309  37.2  9.1  2.4  chr22     41975391 41975811 (8842657) +  L2c            LINE/L2               2248 2699  (720) 2477183
  383  35.2 11.7  1.9  chr22     41975947 41976360 (8842108) +  L2c            LINE/L2               2927 3386    (1) 2477183
  296  28.7  4.7  0.0  chr22     41976364 41976464 (8842004) C  MIRc           SINE/MIR             (124)  144     39 2477184
   42  31.1  0.8  5.8  chr22     41976720 41976960 (8841508) +  G-rich         Low_complexity           1  243    (0) 2477185
   19  15.4  2.8  0.0  chr22     41977339 41977374 (8841094) +  (AC)n          Simple_repeat            1   37    (0) 2477186
  344  20.9  5.8  5.3  chr22     41978259 41978362 (8840106) C  L2c            LINE/L2                (2) 3385   3265 2477187
  322  31.8  3.6  0.0  chr22     41978383 41978489 (8839979) C  MIRb           SINE/MIR              (46)  222    112 2477188
  216  34.8  2.8  0.0  chr22     41978623 41978724 (8839744) +  L2b            LINE/L2               3228 3334   (41) 2477189
   14   5.0  0.0  0.0  chr22     41978773 41978793 (8839675) +  (GAAT)n        Simple_repeat            1   21    (0) 2477190
   42   0.0  0.0  0.0  chr22     41978894 41978931 (8839537) +  (GGA)n         Simple_repeat            1   38    (0) 2477191
  221  16.9  4.3  0.0  chr22     41979084 41979138 (8839330) +  L2b            LINE/L2               3333 3425    (1) 2477189
  182  21.1  0.0  0.0  chr22     41979357 41979394 (8839074) +  MIRc           SINE/MIR               128  165  (103) 2477192
  235  20.0  0.0  3.2  chr22     41979932 41979993 (8838475) C  MIR3           SINE/MIR               (0)  208    149 2477193
 2275   7.5  0.7  0.0  chr22     41980130 41980435 (8838033) C  AluSq4         SINE/Alu               (0)  311      1 2477194
  379  28.9  7.8  1.4  chr22     41980438 41980581 (8837887) C  MIRb           SINE/MIR              (48)  220     67 2477195
  836  20.6 15.2  0.0  chr22     41981154 41981337 (8837131) +  MER20          DNA/hAT-Charlie          1  217    (2) 2477196
  564  32.0  3.0  0.1  chr22     41981369 41981559 (8836909) +  MIR3           SINE/MIR                 5  203    (5) 2477197
  193  32.1  9.2  1.8  chr22     41982021 41982131 (8836337) +  MIR3           SINE/MIR                34  153   (55) 2477198
 2464   9.1  0.3  0.0  chr22     41982227 41982535 (8835933) +  AluSp          SINE/Alu                 1  310    (3) 2477199
 2364  11.2  0.0  0.6  chr22     41982607 41982917 (8835551) +  AluSq2         SINE/Alu                 1  309    (4) 2477200
  538  35.1 11.4  1.9  chr22     41982931 41983143 (8835325) +  L2c            LINE/L2               2500 2738  (681) 2477201
  782  24.2  9.7  5.7  chr22     41983144 41983371 (8835097) +  Charlie10b     DNA/hAT-Charlie          3  240    (2) 2477202
  810  33.7  9.1  1.6  chr22     41983372 41983963 (8834505) +  L2c            LINE/L2               2739 3384    (3) 2477201
  525  32.6  6.6  0.5  chr22     41983985 41984169 (8834299) C  MER117         DNA/hAT-Charlie        (0)  197      1 2477203
  611  23.0  0.7  0.0  chr22     41984334 41984472 (8833996) C  MER5A1         DNA/hAT-Charlie        (0)  166     27 2477204
 2161  11.2  2.4  0.0  chr22     41984542 41984828 (8833640) C  AluSz          SINE/Alu              (18)  294      1 2477205
 2221   6.6  0.0  2.1  chr22     41984846 41985157 (8833311) C  AluY           SINE/Alu               (0)  311      1 2477206
  529  31.9  7.2  3.7  chr22     41985162 41985376 (8833092) C  Charlie15a     DNA/hAT-Charlie        (0)  224      2 2477207
  256  34.9  7.9  6.5  chr22     41985382 41985629 (8832839) +  MIRc           SINE/MIR                17  268    (0) 2477208
 1869  16.4  1.0  4.6  chr22     41986372 41986487 (8831981) +  AluJr          SINE/Alu                 1  116  (196) 2477209
 2529   6.7  0.0  0.6  chr22     41986488 41986800 (8831668) C  AluY           SINE/Alu               (0)  311      1 2477210
 1869  16.4  1.0  4.6  chr22     41986801 41987006 (8831462) +  AluJr          SINE/Alu               117  311    (1) 2477209
 2118  13.9  0.0  0.3  chr22     41988849 41989149 (8829319) +  AluJr          SINE/Alu                 6  305    (7) 2477211
   15  24.7  0.0  0.0  chr22     41989161 41989199 (8829269) +  (TTT)n         Simple_repeat            1   39    (0) 2477212
 2291   6.4  1.7  4.5  chr22     41990043 41990353 (8828115) C  AluY           SINE/Alu               (9)  302      1 2477213
 2502   7.5  0.0  0.3  chr22     41990468 41990772 (8827696) +  AluY           SINE/Alu                 5  308    (3) 2477214
 2245   8.9  0.0  0.0  chr22     41990782 41991093 (8827375) +  AluSx          SINE/Alu                 1  312    (0) 2477215
  199  30.2  1.9  0.0  chr22     41991118 41991170 (8827298) C  L2c            LINE/L2              (224) 3163   3110 2477216
  229  29.8  1.7  0.0  chr22     41992011 41992067 (8826401) +  MIR3           SINE/MIR               118  175   (33) 2477217
 2013  13.1  0.7  0.3  chr22     41992098 41992388 (8826080) +  AluSz6         SINE/Alu                 1  292   (20) 2477218
  329  30.6  3.0  0.0  chr22     41992411 41992508 (8825960) C  MIR1_Amn       SINE/MIR             (114)  116     16 2477219
  317  37.3  3.8  5.2  chr22     41992801 41993069 (8825399) C  L2c            LINE/L2                (2) 3385   3121 2477220
  325  38.1  5.5  2.5  chr22     41993169 41993327 (8825141) C  MIRc           SINE/MIR              (53)  215     52 2477221
 1962  12.6  0.0  9.5  chr22     41993329 41993653 (8824815) C  AluSx          SINE/Alu              (16)  296      3 2477222
  904  14.4  0.0  0.8  chr22     41993662 41993793 (8824675) C  AluJo          SINE/Alu             (181)  131      1 2477223
  224  32.4  7.3  1.9  chr22     41994021 41994124 (8824344) +  L2a            LINE/L2               3316 3425    (1) 2477224
   47   0.0  0.0  0.0  chr22     41994884 41994923 (8823545) +  (TG)n          Simple_repeat            1   40    (0) 2477225
  430  29.6 15.2  1.7  chr22     41995605 41995899 (8822569) C  L4_C_Mam       LINE/RTE-X             (2) 5136   4795 2477226
   18  12.0  2.8  0.0  chr22     41997632 41997667 (8820801) +  (CAAA)n        Simple_repeat            1   37    (0) 2477227
   12  24.4  0.0  4.3  chr22     41997743 41997789 (8820679) +  (CTTCCCC)n     Simple_repeat            1   47    (0) 2477228
  359  21.0  0.0  0.0  chr22     41998430 41998491 (8819977) +  AluJb          SINE/Alu               176  237   (75) 2477229
   16   0.0  0.0  4.2  chr22     41998695 41998718 (8819750) +  (CTC)n         Simple_repeat            1   24    (0) 2477230
 1640  18.1  5.5  0.0  chr22     41999501 41999777 (8818691) +  AluJo          SINE/Alu                 1  293   (19) 2477231
